// Jest Snapshot v1, https://goo.gl/fbAQLP

exports[`GifApp testing should match with snapshot 1`] = `
<div>
  <h1>
    GifApp
  </h1>
  <form
    aria-label="form"
  >
    <input
      placeholder="Search Gif"
      type="text"
      value=""
    />
  </form>
  <button>
    Agregar
  </button>
  <h3>
    One Punch
  </h3>
  <h2>
    Loading...
  </h2>
  <div
    class="card-grid"
  />
  <h3>
    Dragon Ball
  </h3>
  <h2>
    Loading...
  </h2>
  <div
    class="card-grid"
  />
</div>
`;
